Archive member included to satisfy reference by file (symbol)

e:/xpack-arm-none-eabi-gcc-9.3.1-1.3/bin/../lib/gcc/arm-none-eabi/9.3.1/../../../../arm-none-eabi/lib/thumb/v7e-m+fp/softfp\libc_nano.a(lib_a-exit.o)
                              e:/xpack-arm-none-eabi-gcc-9.3.1-1.3/bin/../lib/gcc/arm-none-eabi/9.3.1/../../../../arm-none-eabi/lib/thumb/v7e-m+fp/softfp/crt0.o (exit)
e:/xpack-arm-none-eabi-gcc-9.3.1-1.3/bin/../lib/gcc/arm-none-eabi/9.3.1/../../../../arm-none-eabi/lib/thumb/v7e-m+fp/softfp\libc_nano.a(lib_a-impure.o)
                              e:/xpack-arm-none-eabi-gcc-9.3.1-1.3/bin/../lib/gcc/arm-none-eabi/9.3.1/../../../../arm-none-eabi/lib/thumb/v7e-m+fp/softfp\libc_nano.a(lib_a-exit.o) (_global_impure_ptr)
e:/xpack-arm-none-eabi-gcc-9.3.1-1.3/bin/../lib/gcc/arm-none-eabi/9.3.1/../../../../arm-none-eabi/lib/thumb/v7e-m+fp/softfp\libc_nano.a(lib_a-init.o)
                              e:/xpack-arm-none-eabi-gcc-9.3.1-1.3/bin/../lib/gcc/arm-none-eabi/9.3.1/../../../../arm-none-eabi/lib/thumb/v7e-m+fp/softfp/crt0.o (__libc_init_array)
e:/xpack-arm-none-eabi-gcc-9.3.1-1.3/bin/../lib/gcc/arm-none-eabi/9.3.1/../../../../arm-none-eabi/lib/thumb/v7e-m+fp/softfp\libc_nano.a(lib_a-memset.o)
                              e:/xpack-arm-none-eabi-gcc-9.3.1-1.3/bin/../lib/gcc/arm-none-eabi/9.3.1/../../../../arm-none-eabi/lib/thumb/v7e-m+fp/softfp/crt0.o (memset)
e:/xpack-arm-none-eabi-gcc-9.3.1-1.3/bin/../lib/gcc/arm-none-eabi/9.3.1/../../../../arm-none-eabi/lib/thumb/v7e-m+fp/softfp\libnosys.a(_exit.o)
                              e:/xpack-arm-none-eabi-gcc-9.3.1-1.3/bin/../lib/gcc/arm-none-eabi/9.3.1/../../../../arm-none-eabi/lib/thumb/v7e-m+fp/softfp\libc_nano.a(lib_a-exit.o) (_exit)

Discarded input sections

 .text          0x0000000000000000        0x0 e:/xpack-arm-none-eabi-gcc-9.3.1-1.3/bin/../lib/gcc/arm-none-eabi/9.3.1/thumb/v7e-m+fp/softfp/crtfastmath.o
 .data          0x0000000000000000        0x0 e:/xpack-arm-none-eabi-gcc-9.3.1-1.3/bin/../lib/gcc/arm-none-eabi/9.3.1/thumb/v7e-m+fp/softfp/crtfastmath.o
 .bss           0x0000000000000000        0x0 e:/xpack-arm-none-eabi-gcc-9.3.1-1.3/bin/../lib/gcc/arm-none-eabi/9.3.1/thumb/v7e-m+fp/softfp/crtfastmath.o
 .ARM.extab.text.startup.__arm_set_fast_math
                0x0000000000000000        0x0 e:/xpack-arm-none-eabi-gcc-9.3.1-1.3/bin/../lib/gcc/arm-none-eabi/9.3.1/thumb/v7e-m+fp/softfp/crtfastmath.o
 .debug_frame   0x0000000000000000       0x20 e:/xpack-arm-none-eabi-gcc-9.3.1-1.3/bin/../lib/gcc/arm-none-eabi/9.3.1/thumb/v7e-m+fp/softfp/crtfastmath.o
 .text          0x0000000000000000        0x0 e:/xpack-arm-none-eabi-gcc-9.3.1-1.3/bin/../lib/gcc/arm-none-eabi/9.3.1/thumb/v7e-m+fp/softfp/crti.o
 .data          0x0000000000000000        0x0 e:/xpack-arm-none-eabi-gcc-9.3.1-1.3/bin/../lib/gcc/arm-none-eabi/9.3.1/thumb/v7e-m+fp/softfp/crti.o
 .bss           0x0000000000000000        0x0 e:/xpack-arm-none-eabi-gcc-9.3.1-1.3/bin/../lib/gcc/arm-none-eabi/9.3.1/thumb/v7e-m+fp/softfp/crti.o
 .text          0x0000000000000000        0x0 e:/xpack-arm-none-eabi-gcc-9.3.1-1.3/bin/../lib/gcc/arm-none-eabi/9.3.1/thumb/v7e-m+fp/softfp/crtbegin.o
 .data          0x0000000000000000        0x0 e:/xpack-arm-none-eabi-gcc-9.3.1-1.3/bin/../lib/gcc/arm-none-eabi/9.3.1/thumb/v7e-m+fp/softfp/crtbegin.o
 .bss           0x0000000000000000        0x0 e:/xpack-arm-none-eabi-gcc-9.3.1-1.3/bin/../lib/gcc/arm-none-eabi/9.3.1/thumb/v7e-m+fp/softfp/crtbegin.o
 .data.__dso_handle
                0x0000000000000000        0x4 e:/xpack-arm-none-eabi-gcc-9.3.1-1.3/bin/../lib/gcc/arm-none-eabi/9.3.1/thumb/v7e-m+fp/softfp/crtbegin.o
 .text          0x0000000000000000       0x7c e:/xpack-arm-none-eabi-gcc-9.3.1-1.3/bin/../lib/gcc/arm-none-eabi/9.3.1/../../../../arm-none-eabi/lib/thumb/v7e-m+fp/softfp/crt0.o
 .data          0x0000000000000000        0x0 e:/xpack-arm-none-eabi-gcc-9.3.1-1.3/bin/../lib/gcc/arm-none-eabi/9.3.1/../../../../arm-none-eabi/lib/thumb/v7e-m+fp/softfp/crt0.o
 .bss           0x0000000000000000        0x0 e:/xpack-arm-none-eabi-gcc-9.3.1-1.3/bin/../lib/gcc/arm-none-eabi/9.3.1/../../../../arm-none-eabi/lib/thumb/v7e-m+fp/softfp/crt0.o
 .ARM.extab     0x0000000000000000        0x0 e:/xpack-arm-none-eabi-gcc-9.3.1-1.3/bin/../lib/gcc/arm-none-eabi/9.3.1/../../../../arm-none-eabi/lib/thumb/v7e-m+fp/softfp/crt0.o
 .ARM.exidx     0x0000000000000000       0x10 e:/xpack-arm-none-eabi-gcc-9.3.1-1.3/bin/../lib/gcc/arm-none-eabi/9.3.1/../../../../arm-none-eabi/lib/thumb/v7e-m+fp/softfp/crt0.o
 .ARM.attributes
                0x0000000000000000       0x1c e:/xpack-arm-none-eabi-gcc-9.3.1-1.3/bin/../lib/gcc/arm-none-eabi/9.3.1/../../../../arm-none-eabi/lib/thumb/v7e-m+fp/softfp/crt0.o
 .text          0x0000000000000000       0x14 CMakeFiles/blink.dir/libs/cmsis/startup_stm32f407xx.s.obj
 .data          0x0000000000000000        0x0 CMakeFiles/blink.dir/libs/cmsis/startup_stm32f407xx.s.obj
 .bss           0x0000000000000000        0x0 CMakeFiles/blink.dir/libs/cmsis/startup_stm32f407xx.s.obj
 .text          0x0000000000000000        0x0 C:\Users\rusla\AppData\Local\Temp\blink.jXTHQc.ltrans0.ltrans.o
 .data          0x0000000000000000        0x0 C:\Users\rusla\AppData\Local\Temp\blink.jXTHQc.ltrans0.ltrans.o
 .bss           0x0000000000000000        0x0 C:\Users\rusla\AppData\Local\Temp\blink.jXTHQc.ltrans0.ltrans.o
 .text          0x0000000000000000        0x0 e:/xpack-arm-none-eabi-gcc-9.3.1-1.3/bin/../lib/gcc/arm-none-eabi/9.3.1/../../../../arm-none-eabi/lib/thumb/v7e-m+fp/softfp\libc_nano.a(lib_a-exit.o)
 .data          0x0000000000000000        0x0 e:/xpack-arm-none-eabi-gcc-9.3.1-1.3/bin/../lib/gcc/arm-none-eabi/9.3.1/../../../../arm-none-eabi/lib/thumb/v7e-m+fp/softfp\libc_nano.a(lib_a-exit.o)
 .bss           0x0000000000000000        0x0 e:/xpack-arm-none-eabi-gcc-9.3.1-1.3/bin/../lib/gcc/arm-none-eabi/9.3.1/../../../../arm-none-eabi/lib/thumb/v7e-m+fp/softfp\libc_nano.a(lib_a-exit.o)
 .text.exit     0x0000000000000000       0x28 e:/xpack-arm-none-eabi-gcc-9.3.1-1.3/bin/../lib/gcc/arm-none-eabi/9.3.1/../../../../arm-none-eabi/lib/thumb/v7e-m+fp/softfp\libc_nano.a(lib_a-exit.o)
 .debug_frame   0x0000000000000000       0x28 e:/xpack-arm-none-eabi-gcc-9.3.1-1.3/bin/../lib/gcc/arm-none-eabi/9.3.1/../../../../arm-none-eabi/lib/thumb/v7e-m+fp/softfp\libc_nano.a(lib_a-exit.o)
 .ARM.attributes
                0x0000000000000000       0x32 e:/xpack-arm-none-eabi-gcc-9.3.1-1.3/bin/../lib/gcc/arm-none-eabi/9.3.1/../../../../arm-none-eabi/lib/thumb/v7e-m+fp/softfp\libc_nano.a(lib_a-exit.o)
 .text          0x0000000000000000        0x0 e:/xpack-arm-none-eabi-gcc-9.3.1-1.3/bin/../lib/gcc/arm-none-eabi/9.3.1/../../../../arm-none-eabi/lib/thumb/v7e-m+fp/softfp\libc_nano.a(lib_a-impure.o)
 .data          0x0000000000000000        0x0 e:/xpack-arm-none-eabi-gcc-9.3.1-1.3/bin/../lib/gcc/arm-none-eabi/9.3.1/../../../../arm-none-eabi/lib/thumb/v7e-m+fp/softfp\libc_nano.a(lib_a-impure.o)
 .bss           0x0000000000000000        0x0 e:/xpack-arm-none-eabi-gcc-9.3.1-1.3/bin/../lib/gcc/arm-none-eabi/9.3.1/../../../../arm-none-eabi/lib/thumb/v7e-m+fp/softfp\libc_nano.a(lib_a-impure.o)
 .data._impure_ptr
                0x0000000000000000        0x4 e:/xpack-arm-none-eabi-gcc-9.3.1-1.3/bin/../lib/gcc/arm-none-eabi/9.3.1/../../../../arm-none-eabi/lib/thumb/v7e-m+fp/softfp\libc_nano.a(lib_a-impure.o)
 .data.impure_data
                0x0000000000000000       0x60 e:/xpack-arm-none-eabi-gcc-9.3.1-1.3/bin/../lib/gcc/arm-none-eabi/9.3.1/../../../../arm-none-eabi/lib/thumb/v7e-m+fp/softfp\libc_nano.a(lib_a-impure.o)
 .rodata._global_impure_ptr
                0x0000000000000000        0x4 e:/xpack-arm-none-eabi-gcc-9.3.1-1.3/bin/../lib/gcc/arm-none-eabi/9.3.1/../../../../arm-none-eabi/lib/thumb/v7e-m+fp/softfp\libc_nano.a(lib_a-impure.o)
 .ARM.attributes
                0x0000000000000000       0x30 e:/xpack-arm-none-eabi-gcc-9.3.1-1.3/bin/../lib/gcc/arm-none-eabi/9.3.1/../../../../arm-none-eabi/lib/thumb/v7e-m+fp/softfp\libc_nano.a(lib_a-impure.o)
 .text          0x0000000000000000        0x0 e:/xpack-arm-none-eabi-gcc-9.3.1-1.3/bin/../lib/gcc/arm-none-eabi/9.3.1/../../../../arm-none-eabi/lib/thumb/v7e-m+fp/softfp\libc_nano.a(lib_a-init.o)
 .data          0x0000000000000000        0x0 e:/xpack-arm-none-eabi-gcc-9.3.1-1.3/bin/../lib/gcc/arm-none-eabi/9.3.1/../../../../arm-none-eabi/lib/thumb/v7e-m+fp/softfp\libc_nano.a(lib_a-init.o)
 .bss           0x0000000000000000        0x0 e:/xpack-arm-none-eabi-gcc-9.3.1-1.3/bin/../lib/gcc/arm-none-eabi/9.3.1/../../../../arm-none-eabi/lib/thumb/v7e-m+fp/softfp\libc_nano.a(lib_a-init.o)
 .debug_frame   0x0000000000000000       0x2c e:/xpack-arm-none-eabi-gcc-9.3.1-1.3/bin/../lib/gcc/arm-none-eabi/9.3.1/../../../../arm-none-eabi/lib/thumb/v7e-m+fp/softfp\libc_nano.a(lib_a-init.o)
 .text          0x0000000000000000        0x0 e:/xpack-arm-none-eabi-gcc-9.3.1-1.3/bin/../lib/gcc/arm-none-eabi/9.3.1/../../../../arm-none-eabi/lib/thumb/v7e-m+fp/softfp\libc_nano.a(lib_a-memset.o)
 .data          0x0000000000000000        0x0 e:/xpack-arm-none-eabi-gcc-9.3.1-1.3/bin/../lib/gcc/arm-none-eabi/9.3.1/../../../../arm-none-eabi/lib/thumb/v7e-m+fp/softfp\libc_nano.a(lib_a-memset.o)
 .bss           0x0000000000000000        0x0 e:/xpack-arm-none-eabi-gcc-9.3.1-1.3/bin/../lib/gcc/arm-none-eabi/9.3.1/../../../../arm-none-eabi/lib/thumb/v7e-m+fp/softfp\libc_nano.a(lib_a-memset.o)
 .text.memset   0x0000000000000000       0x10 e:/xpack-arm-none-eabi-gcc-9.3.1-1.3/bin/../lib/gcc/arm-none-eabi/9.3.1/../../../../arm-none-eabi/lib/thumb/v7e-m+fp/softfp\libc_nano.a(lib_a-memset.o)
 .debug_frame   0x0000000000000000       0x20 e:/xpack-arm-none-eabi-gcc-9.3.1-1.3/bin/../lib/gcc/arm-none-eabi/9.3.1/../../../../arm-none-eabi/lib/thumb/v7e-m+fp/softfp\libc_nano.a(lib_a-memset.o)
 .ARM.attributes
                0x0000000000000000       0x32 e:/xpack-arm-none-eabi-gcc-9.3.1-1.3/bin/../lib/gcc/arm-none-eabi/9.3.1/../../../../arm-none-eabi/lib/thumb/v7e-m+fp/softfp\libc_nano.a(lib_a-memset.o)
 .text          0x0000000000000000        0x0 e:/xpack-arm-none-eabi-gcc-9.3.1-1.3/bin/../lib/gcc/arm-none-eabi/9.3.1/../../../../arm-none-eabi/lib/thumb/v7e-m+fp/softfp\libnosys.a(_exit.o)
 .data          0x0000000000000000        0x0 e:/xpack-arm-none-eabi-gcc-9.3.1-1.3/bin/../lib/gcc/arm-none-eabi/9.3.1/../../../../arm-none-eabi/lib/thumb/v7e-m+fp/softfp\libnosys.a(_exit.o)
 .bss           0x0000000000000000        0x0 e:/xpack-arm-none-eabi-gcc-9.3.1-1.3/bin/../lib/gcc/arm-none-eabi/9.3.1/../../../../arm-none-eabi/lib/thumb/v7e-m+fp/softfp\libnosys.a(_exit.o)
 .text._exit    0x0000000000000000        0x4 e:/xpack-arm-none-eabi-gcc-9.3.1-1.3/bin/../lib/gcc/arm-none-eabi/9.3.1/../../../../arm-none-eabi/lib/thumb/v7e-m+fp/softfp\libnosys.a(_exit.o)
 .ARM.extab.text._exit
                0x0000000000000000        0x0 e:/xpack-arm-none-eabi-gcc-9.3.1-1.3/bin/../lib/gcc/arm-none-eabi/9.3.1/../../../../arm-none-eabi/lib/thumb/v7e-m+fp/softfp\libnosys.a(_exit.o)
 .ARM.exidx.text._exit
                0x0000000000000000        0x8 e:/xpack-arm-none-eabi-gcc-9.3.1-1.3/bin/../lib/gcc/arm-none-eabi/9.3.1/../../../../arm-none-eabi/lib/thumb/v7e-m+fp/softfp\libnosys.a(_exit.o)
 .debug_frame   0x0000000000000000       0x20 e:/xpack-arm-none-eabi-gcc-9.3.1-1.3/bin/../lib/gcc/arm-none-eabi/9.3.1/../../../../arm-none-eabi/lib/thumb/v7e-m+fp/softfp\libnosys.a(_exit.o)
 .ARM.attributes
                0x0000000000000000       0x32 e:/xpack-arm-none-eabi-gcc-9.3.1-1.3/bin/../lib/gcc/arm-none-eabi/9.3.1/../../../../arm-none-eabi/lib/thumb/v7e-m+fp/softfp\libnosys.a(_exit.o)
 .text          0x0000000000000000        0x0 e:/xpack-arm-none-eabi-gcc-9.3.1-1.3/bin/../lib/gcc/arm-none-eabi/9.3.1/thumb/v7e-m+fp/softfp/crtend.o
 .data          0x0000000000000000        0x0 e:/xpack-arm-none-eabi-gcc-9.3.1-1.3/bin/../lib/gcc/arm-none-eabi/9.3.1/thumb/v7e-m+fp/softfp/crtend.o
 .bss           0x0000000000000000        0x0 e:/xpack-arm-none-eabi-gcc-9.3.1-1.3/bin/../lib/gcc/arm-none-eabi/9.3.1/thumb/v7e-m+fp/softfp/crtend.o
 .eh_frame      0x0000000000000000        0x4 e:/xpack-arm-none-eabi-gcc-9.3.1-1.3/bin/../lib/gcc/arm-none-eabi/9.3.1/thumb/v7e-m+fp/softfp/crtend.o
 .ARM.attributes
                0x0000000000000000       0x30 e:/xpack-arm-none-eabi-gcc-9.3.1-1.3/bin/../lib/gcc/arm-none-eabi/9.3.1/thumb/v7e-m+fp/softfp/crtend.o
 .text          0x0000000000000000        0x0 e:/xpack-arm-none-eabi-gcc-9.3.1-1.3/bin/../lib/gcc/arm-none-eabi/9.3.1/thumb/v7e-m+fp/softfp/crtn.o
 .data          0x0000000000000000        0x0 e:/xpack-arm-none-eabi-gcc-9.3.1-1.3/bin/../lib/gcc/arm-none-eabi/9.3.1/thumb/v7e-m+fp/softfp/crtn.o
 .bss           0x0000000000000000        0x0 e:/xpack-arm-none-eabi-gcc-9.3.1-1.3/bin/../lib/gcc/arm-none-eabi/9.3.1/thumb/v7e-m+fp/softfp/crtn.o

Memory Configuration

Name             Origin             Length             Attributes
FLASH            0x0000000008000000 0x0000000000100000 xr
RAM              0x0000000020000000 0x0000000000020000 xrw
CCMRAM           0x0000000010000000 0x0000000000010000 rw
*default*        0x0000000000000000 0xffffffffffffffff

Linker script and memory map

LOAD e:/xpack-arm-none-eabi-gcc-9.3.1-1.3/bin/../lib/gcc/arm-none-eabi/9.3.1/thumb/v7e-m+fp/softfp/crtfastmath.o
LOAD e:/xpack-arm-none-eabi-gcc-9.3.1-1.3/bin/../lib/gcc/arm-none-eabi/9.3.1/thumb/v7e-m+fp/softfp/crti.o
LOAD e:/xpack-arm-none-eabi-gcc-9.3.1-1.3/bin/../lib/gcc/arm-none-eabi/9.3.1/thumb/v7e-m+fp/softfp/crtbegin.o
LOAD e:/xpack-arm-none-eabi-gcc-9.3.1-1.3/bin/../lib/gcc/arm-none-eabi/9.3.1/../../../../arm-none-eabi/lib/thumb/v7e-m+fp/softfp/crt0.o
LOAD CMakeFiles/blink.dir/libs/cmsis/startup_stm32f407xx.s.obj
LOAD CMakeFiles/blink.dir/libs/cmsis/system_stm32f4xx.c.obj
LOAD C:\Users\rusla\AppData\Local\Temp\blink.jXTHQc.ltrans0.ltrans.o
LOAD CMakeFiles/blink.dir/libs/hal/src/stm32f4xx_ll_exti.c.obj
LOAD CMakeFiles/blink.dir/libs/hal/src/stm32f4xx_ll_gpio.c.obj
LOAD CMakeFiles/blink.dir/libs/hal/src/stm32f4xx_ll_rcc.c.obj
LOAD CMakeFiles/blink.dir/libs/hal/src/stm32f4xx_ll_utils.c.obj
LOAD CMakeFiles/blink.dir/src/main.cpp.obj
LOAD e:/xpack-arm-none-eabi-gcc-9.3.1-1.3/bin/../lib/gcc/arm-none-eabi/9.3.1/../../../../arm-none-eabi/lib/thumb/v7e-m+fp/softfp\libstdc++_nano.a
LOAD e:/xpack-arm-none-eabi-gcc-9.3.1-1.3/bin/../lib/gcc/arm-none-eabi/9.3.1/../../../../arm-none-eabi/lib/thumb/v7e-m+fp/softfp\libm.a
START GROUP
LOAD e:/xpack-arm-none-eabi-gcc-9.3.1-1.3/bin/../lib/gcc/arm-none-eabi/9.3.1/thumb/v7e-m+fp/softfp\libgcc.a
LOAD e:/xpack-arm-none-eabi-gcc-9.3.1-1.3/bin/../lib/gcc/arm-none-eabi/9.3.1/../../../../arm-none-eabi/lib/thumb/v7e-m+fp/softfp\libc_nano.a
END GROUP
START GROUP
LOAD e:/xpack-arm-none-eabi-gcc-9.3.1-1.3/bin/../lib/gcc/arm-none-eabi/9.3.1/thumb/v7e-m+fp/softfp\libgcc.a
LOAD e:/xpack-arm-none-eabi-gcc-9.3.1-1.3/bin/../lib/gcc/arm-none-eabi/9.3.1/../../../../arm-none-eabi/lib/thumb/v7e-m+fp/softfp\libc_nano.a
LOAD e:/xpack-arm-none-eabi-gcc-9.3.1-1.3/bin/../lib/gcc/arm-none-eabi/9.3.1/../../../../arm-none-eabi/lib/thumb/v7e-m+fp/softfp\libnosys.a
END GROUP
START GROUP
LOAD e:/xpack-arm-none-eabi-gcc-9.3.1-1.3/bin/../lib/gcc/arm-none-eabi/9.3.1/thumb/v7e-m+fp/softfp\libgcc.a
LOAD e:/xpack-arm-none-eabi-gcc-9.3.1-1.3/bin/../lib/gcc/arm-none-eabi/9.3.1/../../../../arm-none-eabi/lib/thumb/v7e-m+fp/softfp\libc_nano.a
LOAD e:/xpack-arm-none-eabi-gcc-9.3.1-1.3/bin/../lib/gcc/arm-none-eabi/9.3.1/../../../../arm-none-eabi/lib/thumb/v7e-m+fp/softfp\libnosys.a
END GROUP
LOAD e:/xpack-arm-none-eabi-gcc-9.3.1-1.3/bin/../lib/gcc/arm-none-eabi/9.3.1/thumb/v7e-m+fp/softfp/crtend.o
LOAD e:/xpack-arm-none-eabi-gcc-9.3.1-1.3/bin/../lib/gcc/arm-none-eabi/9.3.1/thumb/v7e-m+fp/softfp/crtn.o
                0x000000002001ffff                _estack = 0x2001ffff
                0x0000000000000000                _Min_Heap_Size = 0x0
                0x0000000000000200                _Min_Stack_Size = 0x200

.isr_vector     0x0000000008000000      0x188
                0x0000000008000000                . = ALIGN (0x4)
 *(.isr_vector)
 .isr_vector    0x0000000008000000      0x188 CMakeFiles/blink.dir/libs/cmsis/startup_stm32f407xx.s.obj
                0x0000000008000000                g_pfnVectors
                0x0000000008000188                . = ALIGN (0x4)

.text           0x0000000008000188      0x2e0
                0x0000000008000188                . = ALIGN (0x4)
 *(.text)
 *(.text*)
 .text.startup.__arm_set_fast_math
                0x0000000008000188       0x10 e:/xpack-arm-none-eabi-gcc-9.3.1-1.3/bin/../lib/gcc/arm-none-eabi/9.3.1/thumb/v7e-m+fp/softfp/crtfastmath.o
 .text.__do_global_dtors_aux
                0x0000000008000198       0x24 e:/xpack-arm-none-eabi-gcc-9.3.1-1.3/bin/../lib/gcc/arm-none-eabi/9.3.1/thumb/v7e-m+fp/softfp/crtbegin.o
 .text.frame_dummy
                0x00000000080001bc       0x1c e:/xpack-arm-none-eabi-gcc-9.3.1-1.3/bin/../lib/gcc/arm-none-eabi/9.3.1/thumb/v7e-m+fp/softfp/crtbegin.o
 .text.Reset_Handler
                0x00000000080001d8       0x50 CMakeFiles/blink.dir/libs/cmsis/startup_stm32f407xx.s.obj
                0x00000000080001d8                Reset_Handler
 .text.Default_Handler
                0x0000000008000228        0x2 CMakeFiles/blink.dir/libs/cmsis/startup_stm32f407xx.s.obj
                0x0000000008000228                RTC_Alarm_IRQHandler
                0x0000000008000228                HASH_RNG_IRQHandler
                0x0000000008000228                EXTI2_IRQHandler
                0x0000000008000228                TIM8_CC_IRQHandler
                0x0000000008000228                DebugMon_Handler
                0x0000000008000228                TIM1_CC_IRQHandler
                0x0000000008000228                DMA2_Stream5_IRQHandler
                0x0000000008000228                HardFault_Handler
                0x0000000008000228                DMA1_Stream5_IRQHandler
                0x0000000008000228                PVD_IRQHandler
                0x0000000008000228                SDIO_IRQHandler
                0x0000000008000228                TAMP_STAMP_IRQHandler
                0x0000000008000228                PendSV_Handler
                0x0000000008000228                NMI_Handler
                0x0000000008000228                CAN2_RX1_IRQHandler
                0x0000000008000228                EXTI3_IRQHandler
                0x0000000008000228                TIM8_TRG_COM_TIM14_IRQHandler
                0x0000000008000228                TIM1_UP_TIM10_IRQHandler
                0x0000000008000228                TIM8_UP_TIM13_IRQHandler
                0x0000000008000228                I2C3_ER_IRQHandler
                0x0000000008000228                EXTI0_IRQHandler
                0x0000000008000228                I2C2_EV_IRQHandler
                0x0000000008000228                DMA1_Stream2_IRQHandler
                0x0000000008000228                CAN1_RX0_IRQHandler
                0x0000000008000228                FPU_IRQHandler
                0x0000000008000228                OTG_HS_WKUP_IRQHandler
                0x0000000008000228                UsageFault_Handler
                0x0000000008000228                CAN2_SCE_IRQHandler
                0x0000000008000228                DMA2_Stream2_IRQHandler
                0x0000000008000228                SPI1_IRQHandler
                0x0000000008000228                TIM6_DAC_IRQHandler
                0x0000000008000228                TIM1_BRK_TIM9_IRQHandler
                0x0000000008000228                DCMI_IRQHandler
                0x0000000008000228                CAN2_RX0_IRQHandler
                0x0000000008000228                DMA2_Stream3_IRQHandler
                0x0000000008000228                USART6_IRQHandler
                0x0000000008000228                USART3_IRQHandler
                0x0000000008000228                CAN1_RX1_IRQHandler
                0x0000000008000228                UART5_IRQHandler
                0x0000000008000228                DMA2_Stream0_IRQHandler
                0x0000000008000228                TIM4_IRQHandler
                0x0000000008000228                I2C1_EV_IRQHandler
                0x0000000008000228                DMA1_Stream6_IRQHandler
                0x0000000008000228                DMA1_Stream1_IRQHandler
                0x0000000008000228                UART4_IRQHandler
                0x0000000008000228                TIM3_IRQHandler
                0x0000000008000228                RCC_IRQHandler
                0x0000000008000228                TIM8_BRK_TIM12_IRQHandler
                0x0000000008000228                Default_Handler
                0x0000000008000228                EXTI15_10_IRQHandler
                0x0000000008000228                ADC_IRQHandler
                0x0000000008000228                DMA1_Stream7_IRQHandler
                0x0000000008000228                TIM7_IRQHandler
                0x0000000008000228                CAN2_TX_IRQHandler
                0x0000000008000228                TIM5_IRQHandler
                0x0000000008000228                DMA2_Stream7_IRQHandler
                0x0000000008000228                I2C3_EV_IRQHandler
                0x0000000008000228                EXTI9_5_IRQHandler
                0x0000000008000228                RTC_WKUP_IRQHandler
                0x0000000008000228                ETH_WKUP_IRQHandler
                0x0000000008000228                SPI2_IRQHandler
                0x0000000008000228                OTG_HS_EP1_IN_IRQHandler
                0x0000000008000228                MemManage_Handler
                0x0000000008000228                DMA1_Stream0_IRQHandler
                0x0000000008000228                CAN1_TX_IRQHandler
                0x0000000008000228                SVC_Handler
                0x0000000008000228                EXTI4_IRQHandler
                0x0000000008000228                FSMC_IRQHandler
                0x0000000008000228                ETH_IRQHandler
                0x0000000008000228                OTG_HS_EP1_OUT_IRQHandler
                0x0000000008000228                WWDG_IRQHandler
                0x0000000008000228                TIM2_IRQHandler
                0x0000000008000228                OTG_FS_WKUP_IRQHandler
                0x0000000008000228                TIM1_TRG_COM_TIM11_IRQHandler
                0x0000000008000228                OTG_HS_IRQHandler
                0x0000000008000228                EXTI1_IRQHandler
                0x0000000008000228                USART2_IRQHandler
                0x0000000008000228                I2C2_ER_IRQHandler
                0x0000000008000228                DMA2_Stream1_IRQHandler
                0x0000000008000228                CAN1_SCE_IRQHandler
                0x0000000008000228                FLASH_IRQHandler
                0x0000000008000228                DMA2_Stream4_IRQHandler
                0x0000000008000228                BusFault_Handler
                0x0000000008000228                USART1_IRQHandler
                0x0000000008000228                OTG_FS_IRQHandler
                0x0000000008000228                SPI3_IRQHandler
                0x0000000008000228                DMA1_Stream4_IRQHandler
                0x0000000008000228                I2C1_ER_IRQHandler
                0x0000000008000228                DMA2_Stream6_IRQHandler
                0x0000000008000228                DMA1_Stream3_IRQHandler
 *fill*         0x000000000800022a        0x2 
 .text.startup.main
                0x000000000800022c      0x1b0 C:\Users\rusla\AppData\Local\Temp\blink.jXTHQc.ltrans0.ltrans.o
                0x000000000800022c                main
 .text.SysTick_Handler
                0x00000000080003dc       0x10 C:\Users\rusla\AppData\Local\Temp\blink.jXTHQc.ltrans0.ltrans.o
                0x00000000080003dc                SysTick_Handler
 .text.SystemInit
                0x00000000080003ec       0x1c C:\Users\rusla\AppData\Local\Temp\blink.jXTHQc.ltrans0.ltrans.o
                0x00000000080003ec                SystemInit
 .text.__libc_init_array
                0x0000000008000408       0x48 e:/xpack-arm-none-eabi-gcc-9.3.1-1.3/bin/../lib/gcc/arm-none-eabi/9.3.1/../../../../arm-none-eabi/lib/thumb/v7e-m+fp/softfp\libc_nano.a(lib_a-init.o)
                0x0000000008000408                __libc_init_array
 *(.glue_7)
 .glue_7        0x0000000008000450        0x0 linker stubs
 *(.glue_7t)
 .glue_7t       0x0000000008000450        0x0 linker stubs
 *(.eh_frame)
 .eh_frame      0x0000000008000450        0x0 e:/xpack-arm-none-eabi-gcc-9.3.1-1.3/bin/../lib/gcc/arm-none-eabi/9.3.1/thumb/v7e-m+fp/softfp/crtbegin.o
 *(.init)
 .init          0x0000000008000450        0x4 e:/xpack-arm-none-eabi-gcc-9.3.1-1.3/bin/../lib/gcc/arm-none-eabi/9.3.1/thumb/v7e-m+fp/softfp/crti.o
                0x0000000008000450                _init
 .init          0x0000000008000454        0x8 e:/xpack-arm-none-eabi-gcc-9.3.1-1.3/bin/../lib/gcc/arm-none-eabi/9.3.1/thumb/v7e-m+fp/softfp/crtn.o
 *(.fini)
 .fini          0x000000000800045c        0x4 e:/xpack-arm-none-eabi-gcc-9.3.1-1.3/bin/../lib/gcc/arm-none-eabi/9.3.1/thumb/v7e-m+fp/softfp/crti.o
                0x000000000800045c                _fini
 .fini          0x0000000008000460        0x8 e:/xpack-arm-none-eabi-gcc-9.3.1-1.3/bin/../lib/gcc/arm-none-eabi/9.3.1/thumb/v7e-m+fp/softfp/crtn.o
                0x0000000008000468                . = ALIGN (0x4)
                0x0000000008000468                _etext = .

.vfp11_veneer   0x0000000008000468        0x0
 .vfp11_veneer  0x0000000008000468        0x0 linker stubs

.v4_bx          0x0000000008000468        0x0
 .v4_bx         0x0000000008000468        0x0 linker stubs

.iplt           0x0000000008000468        0x0
 .iplt          0x0000000008000468        0x0 e:/xpack-arm-none-eabi-gcc-9.3.1-1.3/bin/../lib/gcc/arm-none-eabi/9.3.1/thumb/v7e-m+fp/softfp/crtfastmath.o

.rodata         0x0000000008000468        0x0
                0x0000000008000468                . = ALIGN (0x4)
 *(.rodata)
 *(.rodata*)
                0x0000000008000468                . = ALIGN (0x4)

.ARM.extab
 *(.ARM.extab* .gnu.linkonce.armextab.*)

.ARM            0x0000000008000468        0x8
                0x0000000008000468                __exidx_start = .
 *(.ARM.exidx*)
 .ARM.exidx.text.startup.__arm_set_fast_math
                0x0000000008000468        0x8 e:/xpack-arm-none-eabi-gcc-9.3.1-1.3/bin/../lib/gcc/arm-none-eabi/9.3.1/thumb/v7e-m+fp/softfp/crtfastmath.o
                0x0000000008000470                __exidx_end = .

.rel.dyn        0x0000000008000470        0x0
 .rel.iplt      0x0000000008000470        0x0 e:/xpack-arm-none-eabi-gcc-9.3.1-1.3/bin/../lib/gcc/arm-none-eabi/9.3.1/thumb/v7e-m+fp/softfp/crtfastmath.o

.preinit_array  0x0000000008000470        0x0
                0x0000000008000470                PROVIDE (__preinit_array_start = .)
 *(.preinit_array*)
                0x0000000008000470                PROVIDE (__preinit_array_end = .)

.init_array     0x0000000008000470        0x8
                0x0000000008000470                PROVIDE (__init_array_start = .)
 *(SORT_BY_NAME(.init_array.*))
 *(.init_array*)
 .init_array    0x0000000008000470        0x4 e:/xpack-arm-none-eabi-gcc-9.3.1-1.3/bin/../lib/gcc/arm-none-eabi/9.3.1/thumb/v7e-m+fp/softfp/crtfastmath.o
 .init_array    0x0000000008000474        0x4 e:/xpack-arm-none-eabi-gcc-9.3.1-1.3/bin/../lib/gcc/arm-none-eabi/9.3.1/thumb/v7e-m+fp/softfp/crtbegin.o
                0x0000000008000478                PROVIDE (__init_array_end = .)

.fini_array     0x0000000008000478        0x4
                [!provide]                        PROVIDE (__fini_array_start = .)
 *(SORT_BY_NAME(.fini_array.*))
 *(.fini_array*)
 .fini_array    0x0000000008000478        0x4 e:/xpack-arm-none-eabi-gcc-9.3.1-1.3/bin/../lib/gcc/arm-none-eabi/9.3.1/thumb/v7e-m+fp/softfp/crtbegin.o
                [!provide]                        PROVIDE (__fini_array_end = .)
                0x000000000800047c                _sidata = LOADADDR (.data)

.data           0x0000000020000000        0x0 load address 0x000000000800047c
                0x0000000020000000                . = ALIGN (0x4)
                0x0000000020000000                _sdata = .
 *(.data)
 *(.data*)
                0x0000000020000000                . = ALIGN (0x4)
                0x0000000020000000                _edata = .
                0x000000000800047c                _siccmram = LOADADDR (.ccmram)

.igot.plt       0x0000000020000000        0x0 load address 0x000000000800047c
 .igot.plt      0x0000000020000000        0x0 e:/xpack-arm-none-eabi-gcc-9.3.1-1.3/bin/../lib/gcc/arm-none-eabi/9.3.1/thumb/v7e-m+fp/softfp/crtfastmath.o

.ccmram         0x0000000010000000        0x0 load address 0x000000000800047c
                0x0000000010000000                . = ALIGN (0x4)
                0x0000000010000000                _sccmram = .
 *(.ccmram)
 *(.ccmram*)
                0x0000000010000000                . = ALIGN (0x4)
                0x0000000010000000                _eccmram = .
                0x0000000010000000                . = ALIGN (0x4)

.bss            0x0000000020000000       0x20
                0x0000000020000000                _sbss = .
                0x0000000020000000                __bss_start__ = _sbss
 *(.bss)
 *(.bss*)
 .bss.completed.10277
                0x0000000020000000        0x1 e:/xpack-arm-none-eabi-gcc-9.3.1-1.3/bin/../lib/gcc/arm-none-eabi/9.3.1/thumb/v7e-m+fp/softfp/crtbegin.o
 *fill*         0x0000000020000001        0x3 
 .bss.object.10282
                0x0000000020000004       0x18 e:/xpack-arm-none-eabi-gcc-9.3.1-1.3/bin/../lib/gcc/arm-none-eabi/9.3.1/thumb/v7e-m+fp/softfp/crtbegin.o
 .bss._ZL9tickCount
                0x000000002000001c        0x4 C:\Users\rusla\AppData\Local\Temp\blink.jXTHQc.ltrans0.ltrans.o
 *(COMMON)
                0x0000000020000020                . = ALIGN (0x4)
                0x0000000020000020                _ebss = .
                0x0000000020000020                __bss_end__ = _ebss

._user_heap_stack
                0x0000000020000020      0x200
                0x0000000020000020                . = ALIGN (0x4)
                [!provide]                        PROVIDE (end = .)
                [!provide]                        PROVIDE (_end = .)
                0x0000000020000020                . = (. + _Min_Heap_Size)
                0x0000000020000220                . = (. + _Min_Stack_Size)
 *fill*         0x0000000020000020      0x200 
                0x0000000020000220                . = ALIGN (0x4)

/DISCARD/
 libc.a(*)
 libm.a(*)
 libgcc.a(*)

.ARM.attributes
                0x0000000000000000       0x30
 *(.ARM.attributes)
 .ARM.attributes
                0x0000000000000000       0x32 e:/xpack-arm-none-eabi-gcc-9.3.1-1.3/bin/../lib/gcc/arm-none-eabi/9.3.1/thumb/v7e-m+fp/softfp/crtfastmath.o
 .ARM.attributes
                0x0000000000000032       0x1e e:/xpack-arm-none-eabi-gcc-9.3.1-1.3/bin/../lib/gcc/arm-none-eabi/9.3.1/thumb/v7e-m+fp/softfp/crti.o
 .ARM.attributes
                0x0000000000000050       0x32 e:/xpack-arm-none-eabi-gcc-9.3.1-1.3/bin/../lib/gcc/arm-none-eabi/9.3.1/thumb/v7e-m+fp/softfp/crtbegin.o
 .ARM.attributes
                0x0000000000000082       0x21 CMakeFiles/blink.dir/libs/cmsis/startup_stm32f407xx.s.obj
 .ARM.attributes
                0x00000000000000a3       0x2c C:\Users\rusla\AppData\Local\Temp\blink.jXTHQc.ltrans0.ltrans.o
 .ARM.attributes
                0x00000000000000cf       0x32 e:/xpack-arm-none-eabi-gcc-9.3.1-1.3/bin/../lib/gcc/arm-none-eabi/9.3.1/../../../../arm-none-eabi/lib/thumb/v7e-m+fp/softfp\libc_nano.a(lib_a-init.o)
 .ARM.attributes
                0x0000000000000101       0x1e e:/xpack-arm-none-eabi-gcc-9.3.1-1.3/bin/../lib/gcc/arm-none-eabi/9.3.1/thumb/v7e-m+fp/softfp/crtn.o
OUTPUT(blink elf32-littlearm)
LOAD linker stubs
LOAD e:/xpack-arm-none-eabi-gcc-9.3.1-1.3/bin/../lib/gcc/arm-none-eabi/9.3.1/../../../../arm-none-eabi/lib/thumb/v7e-m+fp/softfp\libc.a
LOAD e:/xpack-arm-none-eabi-gcc-9.3.1-1.3/bin/../lib/gcc/arm-none-eabi/9.3.1/../../../../arm-none-eabi/lib/thumb/v7e-m+fp/softfp\libm.a
LOAD e:/xpack-arm-none-eabi-gcc-9.3.1-1.3/bin/../lib/gcc/arm-none-eabi/9.3.1/thumb/v7e-m+fp/softfp\libgcc.a

.comment        0x0000000000000000       0x43
 .comment       0x0000000000000000       0x43 C:\Users\rusla\AppData\Local\Temp\blink.jXTHQc.ltrans0.ltrans.o
                                         0x44 (size before relaxing)
